src/modules/food-scan/components/features/ScanResultEditor.tsx(2,25): error TS2307: Cannot find module 'react-hook-form' or its corresponding type declarations.
src/modules/food-scan/components/forms/FormDatePicker.tsx(1,49): error TS2307: Cannot find module 'react-hook-form' or its corresponding type declarations.
src/modules/food-scan/components/forms/FormDatePicker.tsx(2,28): error TS2307: Cannot find module 'react-hook-form' or its corresponding type declarations.
src/modules/food-scan/components/forms/FormDatePicker.tsx(27,18): error TS7031: Binding element 'field' implicitly has an 'any' type.
src/modules/food-scan/components/forms/FormInput.tsx(7,8): error TS2307: Cannot find module 'react-hook-form' or its corresponding type declarations.
src/modules/food-scan/components/forms/FormQuantity.tsx(1,49): error TS2307: Cannot find module 'react-hook-form' or its corresponding type declarations.
src/modules/food-scan/components/forms/FormQuantity.tsx(2,28): error TS2307: Cannot find module 'react-hook-form' or its corresponding type declarations.
src/modules/food-scan/components/forms/FormQuantity.tsx(29,27): error TS7031: Binding element 'onChange' implicitly has an 'any' type.
src/modules/food-scan/components/forms/FormQuantity.tsx(29,37): error TS7031: Binding element 'value' implicitly has an 'any' type.
src/modules/food-scan/components/forms/FormSelect.tsx(7,8): error TS2307: Cannot find module 'react-hook-form' or its corresponding type declarations.
src/modules/food-scan/components/forms/FormTextarea.tsx(7,8): error TS2307: Cannot find module 'react-hook-form' or its corresponding type declarations.
src/modules/food-scan/components/forms/FormToggle.tsx(1,49): error TS2307: Cannot find module 'react-hook-form' or its corresponding type declarations.
src/modules/food-scan/components/forms/FormToggle.tsx(2,28): error TS2307: Cannot find module 'react-hook-form' or its corresponding type declarations.
src/modules/food-scan/components/forms/FormToggle.tsx(24,27): error TS7031: Binding element 'onChange' implicitly has an 'any' type.
src/modules/food-scan/components/forms/FormToggle.tsx(24,37): error TS7031: Binding element 'value' implicitly has an 'any' type.
src/modules/food-scan/components/forms/ScanResultEditForm.tsx(3,60): error TS2307: Cannot find module 'react-hook-form' or its corresponding type declarations.
src/modules/food-scan/components/ui/CameraOverlay/index.tsx(17,3): error TS6133: 'onCapture' is declared but its value is never read.
src/modules/food-scan/services/api/imageRecognition.ts(44,33): error TS6133: 'id' is declared but its value is never read.
src/modules/food-scan/services/api/imageRecognition.ts(44,45): error TS6133: 'data' is declared but its value is never read.
src/modules/food-scan/services/api/imageRecognition.ts(49,33): error TS6133: 'id' is declared but its value is never read.
src/modules/food-scan/services/api/imageRecognition.ts(54,31): error TS6133: 'filters' is declared but its value is never read.
src/modules/food-scan/services/mock/mockData.ts(18,5): error TS2322: Type '"蛋類"' is not assignable to type 'FoodCategory'.
src/modules/food-scan/services/mock/mockFoodScanApi.ts(9,33): error TS6133: 'imageUrl' is declared but its value is never read.
